.next/dev/types/validator.ts(4753,1): error TS1128: Declaration or statement expected.
